
  ___  ____  ____  ____  ____ ®
 /__    /   ____/   /   ____/      17.0
___/   /   /___/   /   /___/       MP—Parallel Edition

 Statistics and Data Science       Copyright 1985-2021 StataCorp LLC
                                   StataCorp
                                   4905 Lakeway Drive
                                   College Station, Texas 77845 USA
                                   800-STATA-PC        https://www.stata.com
                                   979-696-4600        stata@stata.com

Stata license: 2-user 32-core network, expiring 27 Apr 2022
Serial number: 501709300062
  Licensed to: Lars Vilhuber (Data Editor)
               American Economic Association

Notes:
      1. Stata is running in batch mode.
      2. Unicode is supported; see help unicode_advice.
      3. More than 2 billion observations are allowed; see help obs_advice.
      4. Maximum number of variables is set to 5,000; see help set_maxvar.

. do main.do 

. /* First, download as usually */
. 
. include "set_key.do"

. /* FRED apikey - keep this file private */
. 
. global FREDKEY "78862231cc0bd7a7f3b84eb9e19d4b7e"

. 
. include "config.do"

. /* Template config.do */
. /* Copy this file to your replication directory if using Stata, e.g.,
>     cp template-config.do 12345/codes/config.do
> 
>    or similar, and then add
> 
>    include "config.do"
> 
>    in the author's main Stata program
> 
>    */
. 
. /* Structure of the code, two scenarios:
>    - Code looks like this (simplified, Scenario A)
>          directory/
>               code/
>                  main.do
>                  01_dosomething.do
>               data/
>                  data.dta
>                  otherdata.dta
>    - Code looks like this (simplified, Scenario B)
>          directory/
>                main.do
>                scripts/
>                    01_dosomething.do
>                 data/
>                    data.dta
>                    otherdata.dta
>     For the variable "scenario" below, choose "A" or "B". It defaults to "A".
> 
>     NOTE: you should always put "config.do" in the same directory as "main.do
> "
> */
. 
. local scenario "B" 

. * *** Add required packages from SSC to this list ***
. local ssc_packages ""

.     // Example:
.     // local ssc_packages "estout boottest"
.     // If you need to "net install" packages, go to the very end of this prog
> ram, and add them there.
. 
. /* This works on all OS when running in batch mode, but may not work in inter
> active mode */
. 
. 
. local pwd : pwd                     // This always captures the current direc
> tory

. 
. if "`scenario'" == "A" {             // If in Scenario A, we need to change d
> irectory first
.     cd ..
. }

. global rootdir : pwd                // Now capture the directory to use as ro
> otdir

. 
. 
. /*===========================================================================
> =====================================*/
. /*                            You normally need to make no further changes be
> low this                             */
. /*                             unless you need to "net install" packages     
>                                      */
. 
. set more off

. cd `pwd'                            // Return to where we were before and nev
> er again use cd
/project

. global logdir "${rootdir}/logs"

. cap mkdir "$logdir"

. 
. /* check if the author creates a log file. If not, adjust the following code 
> fragment */
. 
. local c_date = c(current_date)

. local cdate = subinstr("`c_date'", " ", "_", .)

. local c_time = c(current_time)

. local ctime = subinstr("`c_time'", ":", "_", .)

. 
. log using "$logdir/logfile_`cdate'-`ctime'-`c(username)'.log", name(ldi) repl
> ace text
(file /project/logs/logfile_17_Mar_2022-19_03_11-statauser.log not found)
-------------------------------------------------------------------------------
      name:  ldi
       log:  /project/logs/logfile_17_Mar_2022-19_03_11-statauser.log
  log type:  text
 opened on:  17 Mar 2022, 19:03:11

. 
. /* It will provide some info about how and when the program was run */
. /* See https://www.stata.com/manuals13/pcreturn.pdf#pcreturn */
. local variant = cond(c(MP),"MP",cond(c(SE),"SE",c(flavor)) )  

. // alternatively, you could use 
. // local variant = cond(c(stata_version)>13,c(real_flavor),"NA")  
. 
. di "=== SYSTEM DIAGNOSTICS ==="
=== SYSTEM DIAGNOSTICS ===

. di "Stata version: `c(stata_version)'"
Stata version: 17

. di "Updated as of: `c(born_date)'"
Updated as of: 13 Dec 2021

. di "Variant:       `variant'"
Variant:       MP

. di "Processors:    `c(processors)'"
Processors:    24

. di "OS:            `c(os)' `c(osdtl)'"
OS:            Unix 

. di "Machine type:  `c(machine_type)'"
Machine type:  PC (64-bit x86-64)

. di "=========================="
==========================

. 
. 
. /* install any packages locally */
. capture mkdir "$rootdir/ado"

. sysdir set PERSONAL "$rootdir/ado/personal"

. sysdir set PLUS     "$rootdir/ado/plus"

. sysdir set SITE     "$rootdir/ado/site"

. sysdir
   STATA:  /usr/local/stata/
    BASE:  /usr/local/stata/ado/base/
    SITE:  /project/ado/site/
    PLUS:  /project/ado/plus/
PERSONAL:  /project/ado/personal/
OLDPLACE:  ~/ado/

. 
. /* add packages to the macro */
. 
.     
.     if !missing("`ssc_packages'") {
.         foreach pkg in `ssc_packages' {
  2.             capture which `pkg'
  3.             if _rc == 111 {                 
  4.                dis "Installing `pkg'"
  5.                 ssc install `pkg', replace
  6.             }
  7.             which `pkg'
  8.         }
.     }

. 
. /*===========================================================================
> ===================*/
. /* If you need to "net install" packages, add lines to this section          
>                    */
.     * Install packages using net
.     *  net install yaml, from("https://raw.githubusercontent.com/gslab-econ/s
> tata-misc/master/")
.     
. /* other commands, rarely used */
. 
. /*===========================================================================
> ===================*/
. /* after installing all packages, it may be necessary to issue the mata mlib 
> index command */
. /* This should always be the LAST command after installing all packages      
>               */
. 
.         mata: mata mlib index
.mlib libraries to be searched are now
    lmatabase;lmataopt;lmatamcmc;lmataado;lmatasvy;lmatamixlog;lmatasp;lmatamet
> a;lmatapath;lmatafc;lmatalasso;lmatanumlib;lmatatab;lmatasem;lmatacollect;lma
> taerm;lmatapostest;lmatami;lmatapss;lmatagsem;lmatabma

. 
. 
. 
. 
. set fredkey $FREDKEY

. 
. /* set some parameters we want to re-use */
. /* - the daterange we want               */
. global DATERANGE "daterange(2007-01-01 2007-01-01)"

. /* - the as-of date we want              */
. local c_date = c(current_date)

. global VINTAGE "2021-12-31"

. /* - for testing, other as-of dates      */
. global ALTVINTAGES "2008-09-15 2015-09-15"

. 
. 
. /* now go ahead and import the data, by default (lazy path) */
. 
. import fred GNPCA, $DATERANGE

Summary
-------------------------------------------------------------------------------
Series ID                    Nobs    Date range                Frequency
-------------------------------------------------------------------------------
GNPCA                        1       2007-01-01 to 2007-01-01  Annual
-------------------------------------------------------------------------------
# of series imported: 1
   highest frequency: Annual
    lowest frequency: Annual

. li

     +----------------------------------+
     | datestr          daten     GNPCA |
     |----------------------------------|
  1. | 2007-01-01   01jan2007   15727.5 |
     +----------------------------------+

. qui sum GNPCA

. local default=r(mean)

. 
. /* now do the same thing, but precisely defining the vintages */
. 
. clear

. import fred GNPCA, $DATERANGE vintage($VINTAGE)

Summary
-------------------------------------------------------------------------------
Series ID                    Nobs    Date range                Frequency
-------------------------------------------------------------------------------
GNPCA_20211231               1       2007-01-01 to 2007-01-01  Annual
-------------------------------------------------------------------------------
# of series imported: 1
   highest frequency: Annual
    lowest frequency: Annual

. li

     +-----------------------------------+
     | datestr          daten   GNPCA_~1 |
     |-----------------------------------|
  1. | 2007-01-01   01jan2007    15727.5 |
     +-----------------------------------+

. qui sum GNPCA*

. local vintaged=r(mean)

. 
. di "As of `c_date', the two values are:"
As of 17 Mar 2022, the two values are:

. di " - `default' when not specifying a vintage"
 - 15727.50390625 when not specifying a vintage

. di " - `vintaged' when specifying vintage $VINTAGE"
 - 15727.50390625 when specifying vintage 2021-12-31

. 
. /* Expected result :
>    -------------------------------
> . di "As of `c_date', the two values are:"
> As of 17 Mar 2022, the two values are:
> 
> . di " - `default' when not specifying a vintage"
>  - 15727.50390625 when not specifying a vintage
> 
> . di " - `vintaged' when specifying vintage $VINTAGE"
>  - 15727.50390625 when specifying vintage 2021-12-31b
>   -------------------------------
> */
. 
. /* now let's see why this matters - let's pull down a few more vintages */
. 
. 
. clear

. import fred GNPCA, $DATERANGE vintage($VINTAGE $ALTVINTAGES)

Summary
-------------------------------------------------------------------------------
Series ID                    Nobs    Date range                Frequency
-------------------------------------------------------------------------------
GNPCA_20080915               1       2007-01-01 to 2007-01-01  Annual
GNPCA_20150915               1       2007-01-01 to 2007-01-01  Annual
GNPCA_20211231               1       2007-01-01 to 2007-01-01  Annual
-------------------------------------------------------------------------------
# of series imported: 3
   highest frequency: Annual
    lowest frequency: Annual

. li GNPCA*

     +--------------------------------+
     | GN~80915   GN~50915   GNPCA_~1 |
     |--------------------------------|
  1. |  11609.8    15005.7    15727.5 |
     +--------------------------------+

. 
. /* Expected result as of 2022-03-17: */
. /* ------------------------------------
> 
>      +--------------------------------+
>      | GN~80915   GN~50915   GNPCA_~1 |
>      |--------------------------------|
>   1. |  11609.8    15005.7    15727.5 |
>      +--------------------------------+
> 
> NOTE: this should *never* change .
> */
. 
. /* LESSON: 
>    - always use a fixed date to query the API.
>    - some series change as time progresses, even for historical values.
> */
. 
. /* SUPPLEMENTARY LESSON */
. /* Save the data pulled through the API as an intermediate dataset */
. /* and if permissible by the license (check!), redistribute it     */
. /* in case that the API is deprecated and won't work in the future */
. 
. cap mkdir data

. cap mkdir data/fred

. 
. capture confirm file "data/fred/fred_gnpca.dta"

. if _rc == 0 {
.     di "Re-using existing file"
.     use  "data/fred/fred_gnpca.dta" , clear
. }

. else { 
.     /* code if the file does not exist */
.     /* you could do the full API pull  */
.     /* conditional on the intermediate */
.     /* file NOT being there.           */
.     di "Reading in data from FRED API with vintage=$VINTAGE"
Reading in data from FRED API with vintage=2021-12-31
.     clear
.     import fred GNPCA, $DATERANGE vintage($VINTAGE)

Summary
-------------------------------------------------------------------------------
Series ID                    Nobs    Date range                Frequency
-------------------------------------------------------------------------------
GNPCA_20211231               1       2007-01-01 to 2007-01-01  Annual
-------------------------------------------------------------------------------
# of series imported: 1
   highest frequency: Annual
    lowest frequency: Annual
.     save "data/fred/fred_gnpca.dta"
file data/fred/fred_gnpca.dta saved
.     use  "data/fred/fred_gnpca.dta" , clear
. } 

. 
end of do-file
